// Jest Snapshot v1, https://goo.gl/fbAQLP

exports[`Rates render default 1`] = `
<div>
  <div
    class="px-8 py-4 border-t "
  >
    <div
      class="flex justify-between items-center"
    >
      <div>
        <span>
          <b>
            ABC
          </b>
        </span>
        <span>
           - 
        </span>
        <span
          class="hidden sm:inline ml-1"
        >
          abcdef
        </span>
      </div>
      <div>
        â‚¬1.00
      </div>
    </div>
  </div>
</div>
`;
